........................................................................ [  2%]
........................................................................ [  4%]
........................................................................ [  6%]
.............................................................s..ss...... [  8%]
...........................................................s............ [ 10%]
........................................................................ [ 12%]
......................................................ss................ [ 14%]
sssss...........................................................ssssssss [ 16%]
ss............................................sssssssss................. [ 18%]
........................ssssssssss...................................... [ 21%]
...................................................sssssssssssssssss.... [ 23%]
..................sss................................................... [ 25%]
........................................................................ [ 27%]
.........................................................ss.sssss....... [ 29%]
.sssssssss.......................................................ss..... [ 31%]
........................................................................ [ 33%]
........................s............................................... [ 35%]
........................................................................ [ 37%]
......................ssssssss.......................................... [ 39%]
........................................................................ [ 42%]
......................................ss................................ [ 44%]
....ssssss...........................s.................................. [ 46%]
........................................................................ [ 48%]
.................................................sssssss................ [ 50%]
........................................................................ [ 52%]
ssssssss..................ssss.......................................... [ 54%]
..............................sss.......................sssss........... [ 56%]
........................................................................ [ 58%]
..............................................sssss......ssssssssss..... [ 60%]
........................................................................ [ 63%]
........................................................................ [ 65%]
........................................................................ [ 67%]
........................................................................ [ 69%]
........................................ssssss.......................... [ 71%]
................sssssssssssssssssssssssssssssssssssssssssss............. [ 73%]
..................................................................sss... [ 75%]
....ssssss.............................................................. [ 77%]
........................................................................ [ 79%]
.............................................sss........................ [ 81%]
........................................................................ [ 84%]
........................................................................ [ 86%]
.............ssssssssssssss.ssssssssssssssssssssssssss.................. [ 88%]
...................sssssssssssssssssssssssssssssssss.................... [ 90%]
........................................................................ [ 92%]
...........................ssssss...sssssssssssssss..................... [ 94%]
...................ssss................................................. [ 96%]
........................................................................ [ 98%]
............................................                             [100%]
=============================== warnings summary ===============================
../../../../Users/liujia/Documents/AI小说世界2026/.venv/lib/python3.12/site-packages/fastapi/testclient.py:1
  /Users/liujia/Documents/AI小说世界2026/.venv/lib/python3.12/site-packages/fastapi/testclient.py:1: StarletteDeprecationWarning: Using `httpx` with `starlette.testclient` is deprecated; install `httpx2` instead.
    from starlette.testclient import TestClient as TestClient  # noqa

tests/private_library/test_creative_data_api_scope.py::test_selection_capture_requires_novel_exactly_for_use_current_novel
  /private/tmp/plan74-complete-source.8dnb1X/code/tests/private_library/test_creative_data_api_scope.py:253: StarletteDeprecationWarning: 'HTTP_422_UNPROCESSABLE_ENTITY' is deprecated. Use 'HTTP_422_UNPROCESSABLE_CONTENT' instead.
    creative_data_api.private_library_capture_create(request, session=MagicMock())

tests/test_character_profile_completion_api.py::test_apply_domain_failure_rolls_back_and_maps_to_422
  /private/tmp/plan74-complete-source.8dnb1X/code/backend/creative_api.py:970: StarletteDeprecationWarning: 'HTTP_422_UNPROCESSABLE_ENTITY' is deprecated. Use 'HTTP_422_UNPROCESSABLE_CONTENT' instead.
    _raise(error)

tests/writing_e2e/test_model_entrypoint_matrix.py::test_chapter_body_returns_structured_retryable_length_failure
  /private/tmp/plan74-complete-source.8dnb1X/code/tests/writing_e2e/test_model_entrypoint_matrix.py:385: StarletteDeprecationWarning: 'HTTP_422_UNPROCESSABLE_ENTITY' is deprecated. Use 'HTTP_422_UNPROCESSABLE_CONTENT' instead.
    await app.generation_jobs_create_body(

-- Docs: https://docs.pytest.org/en/stable/how-to/capture-warnings.html
