✓ Lockfile passes supply-chain policies (verified 17h ago)
Lockfile is up to date, resolution step is skipped
Progress: resolved 1, reused 0, downloaded 0, added 0
Packages: +64
++++++++++++++++++++++++++++++++++++++++++++++++++++++++++++++++
Packages are cloned from the content-addressable store to the virtual store.
  Content-addressable store is at: /Users/liujia/Library/pnpm/store/v11
  Virtual store is at:             node_modules/.pnpm
Progress: resolved 64, reused 64, downloaded 0, added 64, done

dependencies:
+ @codemirror/commands 6.11.0
+ @codemirror/state 6.7.1
+ @codemirror/view 6.43.9
+ idb 8.0.3
+ vis-data 8.0.5
+ vis-network 10.1.2
+ zustand 5.0.15

devDependencies:
+ typescript 5.8.3
+ vite 6.3.5
+ vitest 4.1.11

Done in 567ms using pnpm v11.19.0
$ tsc --noEmit
$ vitest run

 RUN  v4.1.11 /private/tmp/plan74-context-source.oU9WC6/code


 Test Files  168 passed (168)
      Tests  1531 passed (1531)
   Start at  18:56:12
   Duration  3.92s (transform 6.34s, setup 0ms, import 8.96s, tests 7.33s, environment 13ms)

$ vite build
vite v6.3.5 building for production...
transforming...
✓ 202 modules transformed.
rendering chunks...
computing gzip size...
frontend/dist/index.js  3,654.69 kB │ gzip: 1,122.77 kB │ map: 9,090.69 kB
✓ built in 2.02s
