........................................................................ [  2%]
........................................................................ [  4%]
........................................................................ [  6%]
.............................................................s..ss...... [  8%]
...........................................................s............ [ 10%]
........................................................................ [ 12%]
......................................................ss................ [ 14%]
sssss...........................................................ssssssss [ 16%]
ss......................................................sssssssss....... [ 18%]
..................................ssssssssss............................ [ 20%]
.............................................................sssssssssss [ 22%]
ssssss......................sss......................................... [ 24%]
........................................................................ [ 26%]
.....................................................................ss. [ 28%]
sssss........sssssssss.................................................. [ 30%]
........ss.............................................................. [ 32%]
...........................................s............................ [ 34%]
........................................................................ [ 36%]
.........................................ssssssss....................... [ 38%]
........................................................................ [ 40%]
.........................................................ss............. [ 42%]
.......................ssssss...........................s............... [ 44%]
........................................................................ [ 46%]
....................................................................ssss [ 48%]
sss..................................................................... [ 50%]
...................ssssssss..................ssss....................... [ 52%]
.....................................................sssssssssssssssss.. [ 54%]
.....................sssss.............................................. [ 56%]
............................................................ssssssssssss [ 58%]
sssssss................................................................. [ 60%]
..............ssssss......ssssssssss.................................... [ 63%]
........................................................................ [ 65%]
........................................................................ [ 67%]
........................................................................ [ 69%]
........................................................................ [ 71%]
.........ssssss..........................................sssssssssssssss [ 73%]
ssssssssssssssssssssssssssss............................................ [ 75%]
...................................sss.......ssssss..................... [ 77%]
........................................................................ [ 79%]
........................................................................ [ 81%]
..............sss....................................................... [ 83%]
........................................................................ [ 85%]
......................................................ssssssssssssss.sss [ 87%]
sssssssssssssssssssssss.....................................ssssssssssss [ 89%]
sssssssssssssssssssss................................................... [ 91%]
....................................................................ssss [ 93%]
ss...sssssssssssssss........................................ssss........ [ 95%]
........................................................................ [ 97%]
........................................................................ [ 99%]
.............                                                            [100%]
=============================== warnings summary ===============================
../../../../Users/liujia/Documents/AI小说世界2026/.venv/lib/python3.12/site-packages/fastapi/testclient.py:1
  /Users/liujia/Documents/AI小说世界2026/.venv/lib/python3.12/site-packages/fastapi/testclient.py:1: StarletteDeprecationWarning: Using `httpx` with `starlette.testclient` is deprecated; install `httpx2` instead.
    from starlette.testclient import TestClient as TestClient  # noqa

tests/private_library/test_creative_data_api_scope.py::test_selection_capture_requires_novel_exactly_for_use_current_novel
  /private/tmp/plan74-incomplete-source.7FA64V/code/tests/private_library/test_creative_data_api_scope.py:253: StarletteDeprecationWarning: 'HTTP_422_UNPROCESSABLE_ENTITY' is deprecated. Use 'HTTP_422_UNPROCESSABLE_CONTENT' instead.
    creative_data_api.private_library_capture_create(request, session=MagicMock())

tests/test_character_profile_completion_api.py::test_apply_domain_failure_rolls_back_and_maps_to_422
  /private/tmp/plan74-incomplete-source.7FA64V/code/backend/creative_api.py:970: StarletteDeprecationWarning: 'HTTP_422_UNPROCESSABLE_ENTITY' is deprecated. Use 'HTTP_422_UNPROCESSABLE_CONTENT' instead.
    _raise(error)

tests/writing_e2e/test_model_entrypoint_matrix.py::test_chapter_body_returns_structured_retryable_length_failure
  /private/tmp/plan74-incomplete-source.7FA64V/code/tests/writing_e2e/test_model_entrypoint_matrix.py:385: StarletteDeprecationWarning: 'HTTP_422_UNPROCESSABLE_ENTITY' is deprecated. Use 'HTTP_422_UNPROCESSABLE_CONTENT' instead.
    await app.generation_jobs_create_body(

-- Docs: https://docs.pytest.org/en/stable/how-to/capture-warnings.html
3210 passed, 331 skipped, 4 warnings in 23.38s
